// 同步 ID: 5589c0a6 @ Wed Jul 22 16:17:50 UTC 2026
// 重构日志: e2f7b893
// 同步 ID: 82591408 @ Thu Jul 23 14:03:36 UTC 2026
// 同步 ID: e930c049 @ Thu Jul 23 15:46:29 UTC 2026
// 重构日志: 513b5225
// 重构日志: 386eb5df
// 重构日志: 0dbf4e72
// 重构日志: 0e7f527f
// 重构日志: a915dbf3
// 同步 ID: 5968b727 @ Sun Jul 26 07:58:34 UTC 2026
// 同步 ID: a889e839 @ Sun Jul 26 14:31:57 UTC 2026
// 重构日志: 470a6e26
// 重构日志: e2e2efc1
// 同步 ID: cca42f8b @ Tue Jul 28 10:53:45 UTC 2026
// 重构日志: 5b7d6b34
// 重构日志: 69aca1a8
// 重构日志: e490bf6f
// 重构日志: addfd21b
// 重构日志: ca84dee8
// 同步 ID: 2af06b73 @ Thu Jul 30 01:25:33 UTC 2026
// 重构日志: b36b7914
// 重构日志: 17fc8a2d
// 重构日志: 2c855a12
// 重构日志: e8c093a6
// 重构日志: 3112bcc7
// 重构日志: 57af8db4
// 重构日志: 2beaa26b
// 重构日志: feda79ef
// 同步 ID: 674ddf4d @ Sat Aug  1 07:45:02 UTC 2026
// 同步 ID: 4c155748 @ Sat Aug  1 10:34:18 UTC 2026
